 --- sensor align: sensor=B1 dx=0 dy=0 
 --- update peltier auto mode: off 
 --- switching Gude moving on 
 switched moving on 
 --- recallencoder: 93561 28352 92961 
 --- homing xy 
 --- moving: x=19.8 y=6.0 mm 
set exposure: 50.0 ms
armed
triggered
 --- switching Gude light on 
 switched light on 
acquired 1 frames: /run/emmi/camera/stack.tif
 --- reading images from /run/emmi/camera/stack.tif: found 1 frames
 --- filtering images from outliers
 --- image saved to sensor_align.tif
0 0
0 0
 --- jogging: dx=-.0567 dy=.15624000000000002 mm 
 --- moving: x=19.74327368385315 y=6.15627050292968702 mm 
acquired 1 frames: /run/emmi/camera/stack.tif
 --- reading images from /run/emmi/camera/stack.tif: found 1 frames
 --- filtering images from outliers
 --- image saved to sensor_align.tif
 --- opening input image: sensor_align.tif
 --- contrast_stretching
0 0
 --- switching Gude light off 
 switched light off 
disarmed
 --- saveencoder: 93293 29090 92961 
 --- switching Gude moving off 
 switched moving off 
 --- update peltier setpoint: 23.6 
 --- update peltier auto mode: on 
 --- done sensor align: 0h 0m 48s 
