 --- sensor align: sensor=A1 dx=0 dy=0 
 --- update peltier auto mode: off 
 --- switching Gude moving on 
 switched moving on 
 --- recallencoder: 93561 45836 93058 
 --- homing xy 
 --- moving: x=19.8 y=9.7 mm 
set exposure: 50.0 ms
armed
triggered
 --- switching Gude light on 
 switched light on 
acquired 1 frames: /run/emmi/camera/stack.tif
 --- reading images from /run/emmi/camera/stack.tif: found 1 frames
 --- filtering images from outliers
 --- image saved to sensor_align.tif
0 0
0 0
 --- jogging: dx=-.04977 dy=.19593000000000002 mm 
 --- moving: x=19.75020368385315 y=9.89603574676513602 mm 
acquired 1 frames: /run/emmi/camera/stack.tif
 --- reading images from /run/emmi/camera/stack.tif: found 1 frames
 --- filtering images from outliers
 --- image saved to sensor_align.tif
 --- opening input image: sensor_align.tif
 --- contrast_stretching
0 0
 --- switching Gude light off 
 switched light off 
disarmed
 --- saveencoder: 93326 46762 93058 
 --- switching Gude moving off 
 switched moving off 
 --- update peltier setpoint: 23.4 
 --- update peltier auto mode: on 
 --- done sensor align: 0h 0m 48s 
