 --- next temperature: temp=20 vbreak=50.90 
 --- peltier goto setpoint: 20.0 
 --- update peltier setpoint: 20.1 
 --- update peltier setpoint: 20.0 
 temp=19.9657805184 | tset=20.0 | diff=.0342194816 | good=1/1 | stable=0/300s 
 temp=19.9955847016 | tset=20.0 | diff=.0044152984 | good=2/2 | stable=0/300s 
 temp=19.9626374384 | tset=20.0 | diff=.0373625616 | good=3/3 | stable=0/300s 
 temp=20.0236916216 | tset=20.0 | diff=.0236916216 | good=4/4 | stable=0/300s 
 temp=19.9912472512 | tset=20.0 | diff=.0087527488 | good=5/5 | stable=0/300s 
 temp=19.9910586664 | tset=20.0 | diff=.0089413336 | good=6/6 | stable=0/300s 
 temp=20.0219314968 | tset=20.0 | diff=.0219314968 | good=7/7 | stable=0/300s 
 temp=19.9916872824 | tset=20.0 | diff=.0083127176 | good=8/8 | stable=0/300s 
 temp=20.0221200816 | tset=20.0 | diff=.0221200816 | good=9/9 | stable=0/300s 
 temp=19.9916872824 | tset=20.0 | diff=.0083127176 | good=10/10 | stable=3/300s 
 temp=19.9912472512 | tset=20.0 | diff=.0087527488 | good=10/10 | stable=6/300s 
 temp=19.9916244208 | tset=20.0 | diff=.0083755792 | good=10/10 | stable=9/300s 
 temp=19.9913729744 | tset=20.0 | diff=.0086270256 | good=10/10 | stable=12/300s 
 temp=19.9606258672 | tset=20.0 | diff=.0393741328 | good=10/10 | stable=15/300s 
 temp=19.990492912 | tset=20.0 | diff=.009507088 | good=10/10 | stable=18/300s 
 temp=19.990492912 | tset=20.0 | diff=.009507088 | good=10/10 | stable=21/300s 
 temp=19.9903043272 | tset=20.0 | diff=.0096956728 | good=10/10 | stable=24/300s 
 temp=19.9894242648 | tset=20.0 | diff=.0105757352 | good=10/10 | stable=27/300s 
 temp=19.9891728184 | tset=20.0 | diff=.0108271816 | good=10/10 | stable=30/300s 
 temp=19.9881670328 | tset=20.0 | diff=.0118329672 | good=10/10 | stable=33/300s 
 temp=19.9877270016 | tset=20.0 | diff=.0122729984 | good=10/10 | stable=36/300s 
 temp=20.0184741088 | tset=20.0 | diff=.0184741088 | good=10/10 | stable=39/300s 
 temp=19.9872869704 | tset=20.0 | diff=.0127130296 | good=10/10 | stable=42/300s 
 temp=20.017971216 | tset=20.0 | diff=.017971216 | good=10/10 | stable=45/300s 
 temp=19.9874755552 | tset=20.0 | diff=.0125244448 | good=10/10 | stable=48/300s 
 temp=20.0182226624 | tset=20.0 | diff=.0182226624 | good=10/10 | stable=51/300s 
 temp=19.987349832 | tset=20.0 | diff=.012650168 | good=10/10 | stable=54/300s 
 temp=20.0183483856 | tset=20.0 | diff=.0183483856 | good=10/10 | stable=57/300s 
 temp=19.9876012784 | tset=20.0 | diff=.0123987216 | good=10/10 | stable=60/300s 
 temp=19.9874755552 | tset=20.0 | diff=.0125244448 | good=10/10 | stable=63/300s 
 temp=20.0187255552 | tset=20.0 | diff=.0187255552 | good=10/10 | stable=66/300s 
 temp=20.0506041712 | tset=20.0 | diff=.0506041712 | good=9/10 | stable=69/300s 
 temp=20.0199827872 | tset=20.0 | diff=.0199827872 | good=9/10 | stable=72/300s 
 temp=19.9894871264 | tset=20.0 | diff=.0105128736 | good=9/10 | stable=75/300s 
 temp=20.0203599568 | tset=20.0 | diff=.0203599568 | good=9/10 | stable=78/300s 
 temp=19.958928604 | tset=20.0 | diff=.041071396 | good=9/10 | stable=81/300s 
 temp=20.0204228184 | tset=20.0 | diff=.0204228184 | good=9/10 | stable=84/300s 
 temp=20.0214914656 | tset=20.0 | diff=.0214914656 | good=9/10 | stable=87/300s 
 temp=19.9904300504 | tset=20.0 | diff=.0095699496 | good=9/10 | stable=90/300s 
 temp=20.0219943584 | tset=20.0 | diff=.0219943584 | good=9/10 | stable=93/300s 
 temp=20.023000144 | tset=20.0 | diff=.023000144 | good=9/10 | stable=96/300s 
 temp=19.9608773136 | tset=20.0 | diff=.0391226864 | good=10/10 | stable=99/300s 
 temp=19.9594943584 | tset=20.0 | diff=.0405056416 | good=10/10 | stable=102/300s 
 temp=19.9899900192 | tset=20.0 | diff=.0100099808 | good=10/10 | stable=105/300s 
 temp=19.958928604 | tset=20.0 | diff=.041071396 | good=10/10 | stable=108/300s 
 temp=19.9887956488 | tset=20.0 | diff=.0112043512 | good=10/10 | stable=111/300s 
 temp=19.9892985416 | tset=20.0 | diff=.0107014584 | good=10/10 | stable=114/300s 
 temp=20.019542756 | tset=20.0 | diff=.019542756 | good=10/10 | stable=117/300s 
 temp=20.0192913096 | tset=20.0 | diff=.0192913096 | good=10/10 | stable=120/300s 
 temp=20.019542756 | tset=20.0 | diff=.019542756 | good=10/10 | stable=123/300s 
 temp=20.019542756 | tset=20.0 | diff=.019542756 | good=10/10 | stable=126/300s 
 temp=20.0191027248 | tset=20.0 | diff=.0191027248 | good=10/10 | stable=129/300s 
 temp=19.9874755552 | tset=20.0 | diff=.0125244448 | good=10/10 | stable=132/300s 
 temp=19.9877270016 | tset=20.0 | diff=.0122729984 | good=10/10 | stable=135/300s 
 temp=20.019228448 | tset=20.0 | diff=.019228448 | good=10/10 | stable=138/300s 
 temp=20.0196056176 | tset=20.0 | diff=.0196056176 | good=10/10 | stable=141/300s 
 temp=20.0207371264 | tset=20.0 | diff=.0207371264 | good=10/10 | stable=144/300s 
 temp=19.990178604 | tset=20.0 | diff=.009821396 | good=10/10 | stable=147/300s 
 temp=19.9904300504 | tset=20.0 | diff=.0095699496 | good=10/10 | stable=150/300s 
 temp=20.021428604 | tset=20.0 | diff=.021428604 | good=10/10 | stable=153/300s 
 temp=19.9593686352 | tset=20.0 | diff=.0406313648 | good=10/10 | stable=156/300s 
 temp=20.0209257112 | tset=20.0 | diff=.0209257112 | good=10/10 | stable=159/300s 
 temp=19.9900528808 | tset=20.0 | diff=.0099471192 | good=10/10 | stable=162/300s 
 temp=20.021428604 | tset=20.0 | diff=.021428604 | good=10/10 | stable=165/300s 
 temp=19.9909329432 | tset=20.0 | diff=.0090670568 | good=10/10 | stable=168/300s 
 temp=19.9591800504 | tset=20.0 | diff=.0408199496 | good=10/10 | stable=171/300s 
 temp=19.9894242648 | tset=20.0 | diff=.0105757352 | good=10/10 | stable=174/300s 
 temp=19.9888585104 | tset=20.0 | diff=.0111414896 | good=10/10 | stable=177/300s 
 temp=19.9887327872 | tset=20.0 | diff=.0112672128 | good=10/10 | stable=180/300s 
 temp=19.9884813408 | tset=20.0 | diff=.0115186592 | good=10/10 | stable=183/300s 
 temp=20.0187884168 | tset=20.0 | diff=.0187884168 | good=10/10 | stable=186/300s 
 temp=20.0197313408 | tset=20.0 | diff=.0197313408 | good=10/10 | stable=189/300s 
 temp=19.9880413096 | tset=20.0 | diff=.0119586904 | good=10/10 | stable=192/300s 
 temp=19.9878527248 | tset=20.0 | diff=.0121472752 | good=10/10 | stable=195/300s 
 temp=19.987035524 | tset=20.0 | diff=.012964476 | good=10/10 | stable=198/300s 
 temp=19.9867840776 | tset=20.0 | diff=.0132159224 | good=10/10 | stable=201/300s 
 temp=19.987035524 | tset=20.0 | diff=.012964476 | good=10/10 | stable=204/300s 
 temp=19.9866583544 | tset=20.0 | diff=.0133416456 | good=10/10 | stable=207/300s 
 temp=19.9863440464 | tset=20.0 | diff=.0136559536 | good=10/10 | stable=210/300s 
 temp=20.0485926 | tset=20.0 | diff=.0485926 | good=10/10 | stable=213/300s 
 temp=20.0183483856 | tset=20.0 | diff=.0183483856 | good=10/10 | stable=216/300s 
 temp=20.0180969392 | tset=20.0 | diff=.0180969392 | good=10/10 | stable=219/300s 
 temp=19.9867840776 | tset=20.0 | diff=.0132159224 | good=10/10 | stable=222/300s 
 temp=19.986721216 | tset=20.0 | diff=.013278784 | good=10/10 | stable=225/300s 
 temp=19.9866583544 | tset=20.0 | diff=.0133416456 | good=10/10 | stable=228/300s 
 temp=20.0178454928 | tset=20.0 | diff=.0178454928 | good=10/10 | stable=231/300s 
 temp=19.9872241088 | tset=20.0 | diff=.0127758912 | good=10/10 | stable=234/300s 
 temp=19.9559741088 | tset=20.0 | diff=.0440258912 | good=10/10 | stable=237/300s 
 temp=19.955471216 | tset=20.0 | diff=.044528784 | good=10/10 | stable=240/300s 
 temp=20.0174054616 | tset=20.0 | diff=.0174054616 | good=10/10 | stable=243/300s 
 temp=20.0480268456 | tset=20.0 | diff=.0480268456 | good=10/10 | stable=246/300s 
 temp=20.0172797384 | tset=20.0 | diff=.0172797384 | good=10/10 | stable=249/300s 
 temp=20.0169654304 | tset=20.0 | diff=.0169654304 | good=10/10 | stable=252/300s 
 temp=20.0174054616 | tset=20.0 | diff=.0174054616 | good=10/10 | stable=255/300s 
 temp=20.0179083544 | tset=20.0 | diff=.0179083544 | good=10/10 | stable=258/300s 
 temp=20.0185369704 | tset=20.0 | diff=.0185369704 | good=10/10 | stable=261/300s 
 temp=20.018599832 | tset=20.0 | diff=.018599832 | good=10/10 | stable=264/300s 
 temp=19.9881670328 | tset=20.0 | diff=.0118329672 | good=10/10 | stable=267/300s 
 temp=20.0202342336 | tset=20.0 | diff=.0202342336 | good=10/10 | stable=270/300s 
 temp=19.9906186352 | tset=20.0 | diff=.0093813648 | good=10/10 | stable=273/300s 
 temp=20.0216800504 | tset=20.0 | diff=.0216800504 | good=10/10 | stable=276/300s 
 temp=20.0218057736 | tset=20.0 | diff=.0218057736 | good=10/10 | stable=279/300s 
 temp=19.9912472512 | tset=20.0 | diff=.0087527488 | good=10/10 | stable=282/300s 
 temp=19.9912472512 | tset=20.0 | diff=.0087527488 | good=10/10 | stable=285/300s 
 temp=19.9911843896 | tset=20.0 | diff=.0088156104 | good=10/10 | stable=288/300s 
 temp=19.9910586664 | tset=20.0 | diff=.0089413336 | good=10/10 | stable=291/300s 
 temp=19.99080722 | tset=20.0 | diff=.00919278 | good=10/10 | stable=294/300s 
 temp=19.9591800504 | tset=20.0 | diff=.0408199496 | good=10/10 | stable=297/300s 
 temp=19.9899900192 | tset=20.0 | diff=.0100099808 | good=10/10 | stable=300/300s 
 --- reached temperature: 0h 6m 28s 
