 --- next temperature: temp=20 vbreak=50.90 
 --- peltier goto setpoint: 20.0 
 --- update peltier setpoint: 20.1 
 --- update peltier setpoint: 20.0 
 temp=19.9660708888 | tset=20.0 | diff=.0339291112 | good=1/1 | stable=0/300s 
 temp=19.96493938 | tset=20.0 | diff=.03506062 | good=2/2 | stable=0/300s 
 temp=19.962739224 | tset=20.0 | diff=.037260776 | good=3/3 | stable=0/300s 
 temp=19.9614191304 | tset=20.0 | diff=.0385808696 | good=4/4 | stable=0/300s 
 temp=19.959596144 | tset=20.0 | diff=.040403856 | good=5/5 | stable=0/300s 
 temp=19.9894003272 | tset=20.0 | diff=.0105996728 | good=6/6 | stable=0/300s 
 temp=19.9882688184 | tset=20.0 | diff=.0117311816 | good=7/7 | stable=0/300s 
 temp=20.0188273408 | tset=20.0 | diff=.0188273408 | good=8/8 | stable=0/300s 
 temp=20.0181358632 | tset=20.0 | diff=.0181358632 | good=9/9 | stable=0/300s 
 temp=19.9869487248 | tset=20.0 | diff=.0130512752 | good=10/10 | stable=3/300s 
 temp=19.9863829704 | tset=20.0 | diff=.0136170296 | good=10/10 | stable=6/300s 
 temp=20.0172558008 | tset=20.0 | diff=.0172558008 | good=10/10 | stable=9/300s 
 temp=20.0176329704 | tset=20.0 | diff=.0176329704 | good=10/10 | stable=12/300s 
 temp=20.0181358632 | tset=20.0 | diff=.0181358632 | good=10/10 | stable=15/300s 
 temp=19.9875773408 | tset=20.0 | diff=.0124226592 | good=10/10 | stable=18/300s 
 temp=19.9878916488 | tset=20.0 | diff=.0121083512 | good=10/10 | stable=21/300s 
 temp=20.0191416488 | tset=20.0 | diff=.0191416488 | good=10/10 | stable=24/300s 
 temp=20.019895988 | tset=20.0 | diff=.019895988 | good=10/10 | stable=27/300s 
 temp=19.9887717112 | tset=20.0 | diff=.0112282888 | good=10/10 | stable=30/300s 
 temp=19.9883945416 | tset=20.0 | diff=.0116054584 | good=10/10 | stable=33/300s 
 temp=19.988645988 | tset=20.0 | diff=.011354012 | good=10/10 | stable=36/300s 
 temp=19.9887717112 | tset=20.0 | diff=.0112282888 | good=10/10 | stable=39/300s 
 temp=19.98833168 | tset=20.0 | diff=.01166832 | good=10/10 | stable=42/300s 
 temp=19.9878916488 | tset=20.0 | diff=.0121083512 | good=10/10 | stable=45/300s 
 temp=19.9873258944 | tset=20.0 | diff=.0126741056 | good=10/10 | stable=48/300s 
 temp=19.9872630328 | tset=20.0 | diff=.0127369672 | good=10/10 | stable=51/300s 
 temp=19.9870115864 | tset=20.0 | diff=.0129884136 | good=10/10 | stable=54/300s 
 temp=19.986131524 | tset=20.0 | diff=.013868476 | good=10/10 | stable=57/300s 
 temp=19.9851886 | tset=20.0 | diff=.0148114 | good=10/10 | stable=60/300s 
 temp=19.9847485688 | tset=20.0 | diff=.0152514312 | good=10/10 | stable=63/300s 
 temp=20.0154328144 | tset=20.0 | diff=.0154328144 | good=10/10 | stable=66/300s 
 temp=20.046745676 | tset=20.0 | diff=.046745676 | good=10/10 | stable=69/300s 
 temp=20.0474371536 | tset=20.0 | diff=.0474371536 | good=10/10 | stable=72/300s 
 temp=19.9857543544 | tset=20.0 | diff=.0142456456 | good=10/10 | stable=75/300s 
 temp=19.985502908 | tset=20.0 | diff=.014497092 | good=10/10 | stable=78/300s 
 temp=20.048002908 | tset=20.0 | diff=.048002908 | good=10/10 | stable=81/300s 
 temp=20.0180730016 | tset=20.0 | diff=.0180730016 | good=10/10 | stable=84/300s 
 temp=20.0187644792 | tset=20.0 | diff=.0187644792 | good=10/10 | stable=87/300s 
 temp=19.9884574032 | tset=20.0 | diff=.0115425968 | good=10/10 | stable=90/300s 
 temp=20.0201474344 | tset=20.0 | diff=.0201474344 | good=10/10 | stable=93/300s 
 temp=19.9901546664 | tset=20.0 | diff=.0098453336 | good=10/10 | stable=96/300s 
 temp=19.9901546664 | tset=20.0 | diff=.0098453336 | good=10/10 | stable=99/300s 
 temp=19.9896517736 | tset=20.0 | diff=.0103482264 | good=10/10 | stable=102/300s 
 temp=19.9890231576 | tset=20.0 | diff=.0109768424 | good=10/10 | stable=105/300s 
 temp=19.9894631888 | tset=20.0 | diff=.0105368112 | good=10/10 | stable=108/300s 
 temp=19.9584646352 | tset=20.0 | diff=.0415353648 | good=10/10 | stable=111/300s 
 temp=19.956767372 | tset=20.0 | diff=.043232628 | good=10/10 | stable=114/300s 
 temp=19.9869487248 | tset=20.0 | diff=.0130512752 | good=10/10 | stable=117/300s 
 temp=19.986131524 | tset=20.0 | diff=.013868476 | good=10/10 | stable=120/300s 
 temp=20.0169414928 | tset=20.0 | diff=.0169414928 | good=10/10 | stable=123/300s 
 temp=19.9850628768 | tset=20.0 | diff=.0149371232 | good=10/10 | stable=126/300s 
 temp=19.9850628768 | tset=20.0 | diff=.0149371232 | good=10/10 | stable=129/300s 
 temp=20.0469342608 | tset=20.0 | diff=.0469342608 | good=10/10 | stable=132/300s 
 temp=20.0162500152 | tset=20.0 | diff=.0162500152 | good=10/10 | stable=135/300s 
 temp=19.9849371536 | tset=20.0 | diff=.0150628464 | good=10/10 | stable=138/300s 
 temp=20.0157471224 | tset=20.0 | diff=.0157471224 | good=10/10 | stable=141/300s 
 temp=20.0159985688 | tset=20.0 | diff=.0159985688 | good=10/10 | stable=144/300s 
 temp=20.0168786312 | tset=20.0 | diff=.0168786312 | good=10/10 | stable=147/300s 
 temp=19.9866344168 | tset=20.0 | diff=.0133655832 | good=10/10 | stable=150/300s 
 temp=20.0179472784 | tset=20.0 | diff=.0179472784 | good=10/10 | stable=153/300s 
 temp=20.0188902024 | tset=20.0 | diff=.0188902024 | good=10/10 | stable=156/300s 
 temp=20.0192045104 | tset=20.0 | diff=.0192045104 | good=10/10 | stable=159/300s 
 temp=20.0202731576 | tset=20.0 | diff=.0202731576 | good=10/10 | stable=162/300s 
 temp=19.9888974344 | tset=20.0 | diff=.0111025656 | good=10/10 | stable=165/300s 
 temp=19.9576474344 | tset=20.0 | diff=.0423525656 | good=10/10 | stable=168/300s 
 temp=19.9887717112 | tset=20.0 | diff=.0112282888 | good=10/10 | stable=171/300s 
 temp=19.9885831264 | tset=20.0 | diff=.0114168736 | good=10/10 | stable=174/300s 
 temp=19.9882688184 | tset=20.0 | diff=.0117311816 | good=10/10 | stable=177/300s 
 temp=19.9878287872 | tset=20.0 | diff=.0121712128 | good=10/10 | stable=180/300s 
 temp=19.9565787872 | tset=20.0 | diff=.0434212128 | good=10/10 | stable=183/300s 
 temp=19.986445832 | tset=20.0 | diff=.013554168 | good=10/10 | stable=186/300s 
 temp=20.0170043544 | tset=20.0 | diff=.0170043544 | good=10/10 | stable=189/300s 
 temp=20.0166900464 | tset=20.0 | diff=.0166900464 | good=10/10 | stable=192/300s 
 temp=20.0161871536 | tset=20.0 | diff=.0161871536 | good=10/10 | stable=195/300s 
 temp=19.9850628768 | tset=20.0 | diff=.0149371232 | good=10/10 | stable=198/300s 
 temp=20.0163757384 | tset=20.0 | diff=.0163757384 | good=10/10 | stable=201/300s 
 temp=20.0165643232 | tset=20.0 | diff=.0165643232 | good=10/10 | stable=204/300s 
 temp=19.9856286312 | tset=20.0 | diff=.0143713688 | good=10/10 | stable=207/300s 
 temp=19.9854400464 | tset=20.0 | diff=.0145599536 | good=10/10 | stable=210/300s 
 temp=20.0166271848 | tset=20.0 | diff=.0166271848 | good=10/10 | stable=213/300s 
 temp=20.0178215552 | tset=20.0 | diff=.0178215552 | good=10/10 | stable=216/300s 
 temp=20.018324448 | tset=20.0 | diff=.018324448 | good=10/10 | stable=219/300s 
 temp=19.9872630328 | tset=20.0 | diff=.0127369672 | good=10/10 | stable=222/300s 
 temp=20.0181358632 | tset=20.0 | diff=.0181358632 | good=10/10 | stable=225/300s 
 temp=20.0184501712 | tset=20.0 | diff=.0184501712 | good=10/10 | stable=228/300s 
 temp=19.9880802336 | tset=20.0 | diff=.0119197664 | good=10/10 | stable=231/300s 
 temp=20.0188902024 | tset=20.0 | diff=.0188902024 | good=10/10 | stable=234/300s 
 temp=20.019267372 | tset=20.0 | diff=.019267372 | good=10/10 | stable=237/300s 
 temp=20.0201474344 | tset=20.0 | diff=.0201474344 | good=10/10 | stable=240/300s 
 temp=19.9585274968 | tset=20.0 | diff=.0414725032 | good=10/10 | stable=243/300s 
 temp=19.9888974344 | tset=20.0 | diff=.0111025656 | good=10/10 | stable=246/300s 
 temp=19.9888345728 | tset=20.0 | diff=.0111654272 | good=10/10 | stable=249/300s 
 temp=19.9884574032 | tset=20.0 | diff=.0115425968 | good=10/10 | stable=252/300s 
 temp=19.988645988 | tset=20.0 | diff=.011354012 | good=10/10 | stable=255/300s 
 temp=19.9880802336 | tset=20.0 | diff=.0119197664 | good=10/10 | stable=258/300s 
 temp=19.9875144792 | tset=20.0 | diff=.0124855208 | good=10/10 | stable=261/300s 
 temp=20.0187016176 | tset=20.0 | diff=.0187016176 | good=10/10 | stable=264/300s 
 temp=19.9872001712 | tset=20.0 | diff=.0127998288 | good=10/10 | stable=267/300s 
 temp=20.0175701088 | tset=20.0 | diff=.0175701088 | good=10/10 | stable=270/300s 
 temp=20.0173186624 | tset=20.0 | diff=.0173186624 | good=10/10 | stable=273/300s 
 temp=19.9869487248 | tset=20.0 | diff=.0130512752 | good=10/10 | stable=276/300s 
 temp=19.9865086936 | tset=20.0 | diff=.0134913064 | good=10/10 | stable=279/300s 
 temp=19.9863829704 | tset=20.0 | diff=.0136170296 | good=10/10 | stable=282/300s 
 temp=20.0175072472 | tset=20.0 | diff=.0175072472 | good=10/10 | stable=285/300s 
 temp=19.9866972784 | tset=20.0 | diff=.0133027216 | good=10/10 | stable=288/300s 
 temp=19.9865086936 | tset=20.0 | diff=.0134913064 | good=10/10 | stable=291/300s 
 temp=20.017695832 | tset=20.0 | diff=.017695832 | good=10/10 | stable=294/300s 
 temp=20.017695832 | tset=20.0 | diff=.017695832 | good=10/10 | stable=297/300s 
 temp=20.018324448 | tset=20.0 | diff=.018324448 | good=10/10 | stable=300/300s 
 --- reached temperature: 0h 6m 28s 
